npm warn Unknown env config "http-proxy". This will stop working in the next major version of npm.

> localvision-cms@3.0.0 test
> node --test --test-concurrency=1 tests/*.test.*

✔ missing database returns explicit failure (5.7585ms)
✔ new schema is created once on write; never during normal GET (5.830335ms)
✔ retransmission is idempotent and left/right occurrences remain distinct (4.610994ms)
✔ per-entry acknowledgement reports partial validity exactly (1.284506ms)
✔ database failure is not acknowledged as a saved log (0.834579ms)
✔ event lookup isolates stores and devices (1.656758ms)
✔ out-of-order health never replaces a newer report (1.639281ms)
✔ new boot supersedes old session, old pending reports cannot overwrite it (1.213445ms)
✔ two physical devices in one store retain independent lane states (1.302676ms)
✔ deliberate black mode is not reported as a playback fault (0.875587ms)
✔ stale previously healthy status is shown as unknown freshness (0.212203ms)
✔ invalid JSON gets a client error (0.561527ms)
✔ control endpoint combines three independent read-only states in one HTTP response (21.838337ms)
✔ a failed black-mode read never turns a stored holiday off as a successful response (5.072148ms)
✔ quota failure in one control subquery propagates to the common retry circuit (4.079769ms)
✔ old schema read stays read-only; write migrates and manifest survives lookup (19.975219ms)
✔ metadata is bound to content ID and exact URL (5.966381ms)
✔ backfill is idempotent, scoped, and does not modify original media (21.626467ms)
✔ R2 missing source is never marked verified (2.503544ms)
✔ database error is propagated rather than treated as legacy metadata (1.895013ms)
✔ delivery health preserves stages and distinguishes verified from legacy (1.263917ms)
✔ overnight schedules use the weekday on which the interval starts (0.361404ms)
✔ upload publishes a content row only with persisted integrity; snapshot carries it (65.44318ms)
✔ same original uploaded to different stores is shared once with independent content references (99.383728ms)
✔ missing shared original is uploaded again instead of reusing an orphan ledger entry (26.04581ms)
✔ multipart upload seals complete object before exposing a content row; exact part sizes and order required (708.901795ms)
✔ unmeasured capacity and unknown upload are rejected without publishing a file (46.930051ms)
✔ bounded MP4 parser reads a normal H.264 track including moov at end (3.443418ms)
✔ HEVC upload gives an actionable rejection (0.459199ms)
✔ 4K upload is rejected before R2 activation (0.171811ms)
✔ 60fps upload is rejected (0.396944ms)
✔ high 10-bit AVC profile is rejected (0.83834ms)
✔ corrupt MP4 cannot pass by filename extension (1.25305ms)
✔ read-only probe counts D1 metadata for first/all/run/batch without an accounting write (1.888515ms)
✔ actual CMS API wrapper rejects a degraded HTTP 200 and switches to unavailable (4.245337ms)
✔ 5/10/15 minute unchanged sync: zero writes, zero R2, three indexed small reads; 20 minute saves (24.597244ms)
✔ first/quarantine/recovery are immediate, repeated counts wait for normal save; duplicate is idempotent (11.266373ms)
✔ new boot gets server generation; duplicate boot is safe; delayed old boot cannot replace it (16.58419ms)
✔ bounded important reserve does not hide active faults; 20 minute normal snapshot includes latest (29.483246ms)
✔ fault overflow and oversize packet fail explicitly; prior state survives (8.509059ms)
✔ right selected-empty and unknown viewer never become global permission (0.365642ms)
✔ deletion is durable; original id cannot be restored; unrelated content can share bytes (7.132473ms)
✔ concurrent capacity reservations cannot cross the 7 GB media line; duplicate completion/release safe (9.188771ms)
✔ failed native screenshot storage responds non-2xx instead of acknowledging capture (25.70779ms)
✔ 100 TVs, 24 hours regular plus 30 priority writes and 10 samples per TV stay within conservative 50k budget (6112.778547ms)
✔ paged fault summaries retain omitted current faults; complete pages and same-file recovery merge safely (10.513663ms)
✔ publication seals bytes before pointer and a superseded builder cannot activate an older version (8.63478ms)
✔ native screenshot success records one exact device without changing store-wide remote commands (19.475763ms)
✔ complete backup refuses a partial DB read; restore cannot resurrect a deleted asset id (11.764372ms)
✔ diagnostic UI includes independent lanes and current excluded filenames (27.141377ms)
✔ database read failure is shown as unavailable, never no errors (3.682864ms)
✔ untrusted content titles are escaped (3.305676ms)
✔ delivery UI distinguishes file preparation from playing and legacy assurance (2.968885ms)
CAPACITY_MODEL {"TVs":100,"hours":24,"actualSQLiteRowChanges":{"presence":7200,"health":9600,"events":4800},"conservativeEstimatedD1Writes":62400,"freeDailyLimit":100000,"remainingForOtherWork":37600}
✔ 100 TVs / 24 hours: bounded presence, health and error writes under an error storm (14025.683674ms)
✔ app/phase changes and native shell heartbeats cannot bypass the time guard or run schema repair (88.075666ms)
✔ parallel heartbeats update one canonical device once, preserving duplicate rows and commands (6.73604ms)
✔ health boot changes are deferred within the window and applied after it; no immediate write loophole (2.759672ms)
✔ quota errors are machine readable; historical quota logs do not trigger false alarms (3.74764ms)
ℹ tests 58
ℹ suites 0
ℹ pass 58
ℹ fail 0
ℹ cancelled 0
ℹ skipped 0
ℹ todo 0
ℹ duration_ms 23039.187977
